// Jest Snapshot v1, https://goo.gl/fbAQLP

exports[`Bio renders as expected 1`] = `
ShallowWrapper {
  Symbol(enzyme.__root__): [Circular],
  Symbol(enzyme.__unrendered__): <Bio />,
  Symbol(enzyme.__renderer__): Object {
    "batchedUpdates": [Function],
    "getNode": [Function],
    "render": [Function],
    "simulateError": [Function],
    "simulateEvent": [Function],
    "unmount": [Function],
  },
  Symbol(enzyme.__node__): Object {
    "instance": null,
    "key": undefined,
    "nodeType": "function",
    "props": Object {
      "children": Array [
        <h1 />,
        <h2 />,
        <SocialMediaList
          iconsAndLinks={
                    Array [
                              Object {
                                "glyphicon": "fa fa-linkedin fa-2x",
                                "name": "linkedin",
                                "url": "https://www.linkedin.com/in/leandrovicentesilva/",
                              },
                              Object {
                                "glyphicon": "fa fa-github fa-2x",
                                "name": "github",
                                "url": "https://github.com/llevvi/",
                              },
                              Object {
                                "glyphicon": "fa fa-youtube-play fa-2x",
                                "name": "youtube",
                                "url": "http://youtube.com/levvitalk",
                              },
                              Object {
                                "glyphicon": "fa fa-instagram fa-2x",
                                "name": "instagram",
                                "url": "http://instagram.com/levvitalk",
                              },
                            ]
          }
/>,
      ],
    },
    "ref": null,
    "rendered": Array [
      Object {
        "instance": null,
        "key": undefined,
        "nodeType": "host",
        "props": Object {
          "children": undefined,
        },
        "ref": null,
        "rendered": null,
        "type": "h1",
      },
      Object {
        "instance": null,
        "key": undefined,
        "nodeType": "host",
        "props": Object {
          "children": undefined,
        },
        "ref": null,
        "rendered": null,
        "type": "h2",
      },
      Object {
        "instance": null,
        "key": undefined,
        "nodeType": "function",
        "props": Object {
          "iconsAndLinks": Array [
            Object {
              "glyphicon": "fa fa-linkedin fa-2x",
              "name": "linkedin",
              "url": "https://www.linkedin.com/in/leandrovicentesilva/",
            },
            Object {
              "glyphicon": "fa fa-github fa-2x",
              "name": "github",
              "url": "https://github.com/llevvi/",
            },
            Object {
              "glyphicon": "fa fa-youtube-play fa-2x",
              "name": "youtube",
              "url": "http://youtube.com/levvitalk",
            },
            Object {
              "glyphicon": "fa fa-instagram fa-2x",
              "name": "instagram",
              "url": "http://instagram.com/levvitalk",
            },
          ],
        },
        "ref": null,
        "rendered": null,
        "type": [Function],
      },
    ],
    "type": Symbol(react.fragment),
  },
  Symbol(enzyme.__nodes__): Array [
    Object {
      "instance": null,
      "key": undefined,
      "nodeType": "function",
      "props": Object {
        "children": Array [
          <h1 />,
          <h2 />,
          <SocialMediaList
            iconsAndLinks={
                        Array [
                                    Object {
                                      "glyphicon": "fa fa-linkedin fa-2x",
                                      "name": "linkedin",
                                      "url": "https://www.linkedin.com/in/leandrovicentesilva/",
                                    },
                                    Object {
                                      "glyphicon": "fa fa-github fa-2x",
                                      "name": "github",
                                      "url": "https://github.com/llevvi/",
                                    },
                                    Object {
                                      "glyphicon": "fa fa-youtube-play fa-2x",
                                      "name": "youtube",
                                      "url": "http://youtube.com/levvitalk",
                                    },
                                    Object {
                                      "glyphicon": "fa fa-instagram fa-2x",
                                      "name": "instagram",
                                      "url": "http://instagram.com/levvitalk",
                                    },
                                  ]
            }
/>,
        ],
      },
      "ref": null,
      "rendered": Array [
        Object {
          "instance": null,
          "key": undefined,
          "nodeType": "host",
          "props": Object {
            "children": undefined,
          },
          "ref": null,
          "rendered": null,
          "type": "h1",
        },
        Object {
          "instance": null,
          "key": undefined,
          "nodeType": "host",
          "props": Object {
            "children": undefined,
          },
          "ref": null,
          "rendered": null,
          "type": "h2",
        },
        Object {
          "instance": null,
          "key": undefined,
          "nodeType": "function",
          "props": Object {
            "iconsAndLinks": Array [
              Object {
                "glyphicon": "fa fa-linkedin fa-2x",
                "name": "linkedin",
                "url": "https://www.linkedin.com/in/leandrovicentesilva/",
              },
              Object {
                "glyphicon": "fa fa-github fa-2x",
                "name": "github",
                "url": "https://github.com/llevvi/",
              },
              Object {
                "glyphicon": "fa fa-youtube-play fa-2x",
                "name": "youtube",
                "url": "http://youtube.com/levvitalk",
              },
              Object {
                "glyphicon": "fa fa-instagram fa-2x",
                "name": "instagram",
                "url": "http://instagram.com/levvitalk",
              },
            ],
          },
          "ref": null,
          "rendered": null,
          "type": [Function],
        },
      ],
      "type": Symbol(react.fragment),
    },
  ],
  Symbol(enzyme.__options__): Object {
    "adapter": ReactSixteenAdapter {
      "options": Object {
        "enableComponentDidUpdateOnSetState": true,
        "lifecycles": Object {
          "componentDidUpdate": Object {
            "onSetState": true,
          },
          "getDerivedStateFromProps": true,
          "getSnapshotBeforeUpdate": true,
          "setState": Object {
            "skipsComponentDidUpdateOnNullish": true,
          },
        },
      },
    },
  },
}
`;
