// Jest Snapshot v1, https://goo.gl/fbAQLP

exports[`SocialMediaList renders as expected 1`] = `
ShallowWrapper {
  Symbol(enzyme.__root__): [Circular],
  Symbol(enzyme.__unrendered__): <SocialMediaList
    iconsAndLinks={
        Array [
            Object {
              "glyphicon": "fa fa-linkedin fa-2x",
              "name": "linkedin",
              "url": "https://www.linkedin.com/in/leandrovicentesilva/",
            },
            Object {
              "glyphicon": "fa fa-github fa-2x",
              "name": "github",
              "url": "https://github.com/llevvi/",
            },
            Object {
              "glyphicon": "fa fa-youtube-play fa-2x",
              "name": "youtube",
              "url": "http://youtube.com/levvitalk",
            },
            Object {
              "glyphicon": "fa fa-instagram fa-2x",
              "name": "instagram",
              "url": "http://instagram.com/levvitalk",
            },
          ]
    }
/>,
  Symbol(enzyme.__renderer__): Object {
    "batchedUpdates": [Function],
    "getNode": [Function],
    "render": [Function],
    "simulateError": [Function],
    "simulateEvent": [Function],
    "unmount": [Function],
  },
  Symbol(enzyme.__node__): Object {
    "instance": null,
    "key": undefined,
    "nodeType": "host",
    "props": Object {
      "children": Array [
        <li>
          <a
                    aria-label="linkedin link"
                    className="fa fa-linkedin fa-2x"
                    href="https://www.linkedin.com/in/leandrovicentesilva/"
                    target="_blank"
          />
</li>,
        <li>
          <a
                    aria-label="github link"
                    className="fa fa-github fa-2x"
                    href="https://github.com/llevvi/"
                    target="_blank"
          />
</li>,
        <li>
          <a
                    aria-label="youtube link"
                    className="fa fa-youtube-play fa-2x"
                    href="http://youtube.com/levvitalk"
                    target="_blank"
          />
</li>,
        <li>
          <a
                    aria-label="instagram link"
                    className="fa fa-instagram fa-2x"
                    href="http://instagram.com/levvitalk"
                    target="_blank"
          />
</li>,
      ],
      "className": "social-media-list",
    },
    "ref": null,
    "rendered": Array [
      Object {
        "instance": null,
        "key": "0",
        "nodeType": "host",
        "props": Object {
          "children": <a
            aria-label="linkedin link"
            className="fa fa-linkedin fa-2x"
            href="https://www.linkedin.com/in/leandrovicentesilva/"
            target="_blank"
/>,
        },
        "ref": null,
        "rendered": Object {
          "instance": null,
          "key": undefined,
          "nodeType": "host",
          "props": Object {
            "aria-label": "linkedin link",
            "className": "fa fa-linkedin fa-2x",
            "href": "https://www.linkedin.com/in/leandrovicentesilva/",
            "target": "_blank",
          },
          "ref": null,
          "rendered": null,
          "type": "a",
        },
        "type": "li",
      },
      Object {
        "instance": null,
        "key": "1",
        "nodeType": "host",
        "props": Object {
          "children": <a
            aria-label="github link"
            className="fa fa-github fa-2x"
            href="https://github.com/llevvi/"
            target="_blank"
/>,
        },
        "ref": null,
        "rendered": Object {
          "instance": null,
          "key": undefined,
          "nodeType": "host",
          "props": Object {
            "aria-label": "github link",
            "className": "fa fa-github fa-2x",
            "href": "https://github.com/llevvi/",
            "target": "_blank",
          },
          "ref": null,
          "rendered": null,
          "type": "a",
        },
        "type": "li",
      },
      Object {
        "instance": null,
        "key": "2",
        "nodeType": "host",
        "props": Object {
          "children": <a
            aria-label="youtube link"
            className="fa fa-youtube-play fa-2x"
            href="http://youtube.com/levvitalk"
            target="_blank"
/>,
        },
        "ref": null,
        "rendered": Object {
          "instance": null,
          "key": undefined,
          "nodeType": "host",
          "props": Object {
            "aria-label": "youtube link",
            "className": "fa fa-youtube-play fa-2x",
            "href": "http://youtube.com/levvitalk",
            "target": "_blank",
          },
          "ref": null,
          "rendered": null,
          "type": "a",
        },
        "type": "li",
      },
      Object {
        "instance": null,
        "key": "3",
        "nodeType": "host",
        "props": Object {
          "children": <a
            aria-label="instagram link"
            className="fa fa-instagram fa-2x"
            href="http://instagram.com/levvitalk"
            target="_blank"
/>,
        },
        "ref": null,
        "rendered": Object {
          "instance": null,
          "key": undefined,
          "nodeType": "host",
          "props": Object {
            "aria-label": "instagram link",
            "className": "fa fa-instagram fa-2x",
            "href": "http://instagram.com/levvitalk",
            "target": "_blank",
          },
          "ref": null,
          "rendered": null,
          "type": "a",
        },
        "type": "li",
      },
    ],
    "type": "ul",
  },
  Symbol(enzyme.__nodes__): Array [
    Object {
      "instance": null,
      "key": undefined,
      "nodeType": "host",
      "props": Object {
        "children": Array [
          <li>
            <a
                        aria-label="linkedin link"
                        className="fa fa-linkedin fa-2x"
                        href="https://www.linkedin.com/in/leandrovicentesilva/"
                        target="_blank"
            />
</li>,
          <li>
            <a
                        aria-label="github link"
                        className="fa fa-github fa-2x"
                        href="https://github.com/llevvi/"
                        target="_blank"
            />
</li>,
          <li>
            <a
                        aria-label="youtube link"
                        className="fa fa-youtube-play fa-2x"
                        href="http://youtube.com/levvitalk"
                        target="_blank"
            />
</li>,
          <li>
            <a
                        aria-label="instagram link"
                        className="fa fa-instagram fa-2x"
                        href="http://instagram.com/levvitalk"
                        target="_blank"
            />
</li>,
        ],
        "className": "social-media-list",
      },
      "ref": null,
      "rendered": Array [
        Object {
          "instance": null,
          "key": "0",
          "nodeType": "host",
          "props": Object {
            "children": <a
              aria-label="linkedin link"
              className="fa fa-linkedin fa-2x"
              href="https://www.linkedin.com/in/leandrovicentesilva/"
              target="_blank"
/>,
          },
          "ref": null,
          "rendered": Object {
            "instance": null,
            "key": undefined,
            "nodeType": "host",
            "props": Object {
              "aria-label": "linkedin link",
              "className": "fa fa-linkedin fa-2x",
              "href": "https://www.linkedin.com/in/leandrovicentesilva/",
              "target": "_blank",
            },
            "ref": null,
            "rendered": null,
            "type": "a",
          },
          "type": "li",
        },
        Object {
          "instance": null,
          "key": "1",
          "nodeType": "host",
          "props": Object {
            "children": <a
              aria-label="github link"
              className="fa fa-github fa-2x"
              href="https://github.com/llevvi/"
              target="_blank"
/>,
          },
          "ref": null,
          "rendered": Object {
            "instance": null,
            "key": undefined,
            "nodeType": "host",
            "props": Object {
              "aria-label": "github link",
              "className": "fa fa-github fa-2x",
              "href": "https://github.com/llevvi/",
              "target": "_blank",
            },
            "ref": null,
            "rendered": null,
            "type": "a",
          },
          "type": "li",
        },
        Object {
          "instance": null,
          "key": "2",
          "nodeType": "host",
          "props": Object {
            "children": <a
              aria-label="youtube link"
              className="fa fa-youtube-play fa-2x"
              href="http://youtube.com/levvitalk"
              target="_blank"
/>,
          },
          "ref": null,
          "rendered": Object {
            "instance": null,
            "key": undefined,
            "nodeType": "host",
            "props": Object {
              "aria-label": "youtube link",
              "className": "fa fa-youtube-play fa-2x",
              "href": "http://youtube.com/levvitalk",
              "target": "_blank",
            },
            "ref": null,
            "rendered": null,
            "type": "a",
          },
          "type": "li",
        },
        Object {
          "instance": null,
          "key": "3",
          "nodeType": "host",
          "props": Object {
            "children": <a
              aria-label="instagram link"
              className="fa fa-instagram fa-2x"
              href="http://instagram.com/levvitalk"
              target="_blank"
/>,
          },
          "ref": null,
          "rendered": Object {
            "instance": null,
            "key": undefined,
            "nodeType": "host",
            "props": Object {
              "aria-label": "instagram link",
              "className": "fa fa-instagram fa-2x",
              "href": "http://instagram.com/levvitalk",
              "target": "_blank",
            },
            "ref": null,
            "rendered": null,
            "type": "a",
          },
          "type": "li",
        },
      ],
      "type": "ul",
    },
  ],
  Symbol(enzyme.__options__): Object {
    "adapter": ReactSixteenAdapter {
      "options": Object {
        "enableComponentDidUpdateOnSetState": true,
        "lifecycles": Object {
          "componentDidUpdate": Object {
            "onSetState": true,
          },
          "getDerivedStateFromProps": true,
          "getSnapshotBeforeUpdate": true,
          "setState": Object {
            "skipsComponentDidUpdateOnNullish": true,
          },
        },
      },
    },
  },
}
`;
