// Jest Snapshot v1, https://goo.gl/fbAQLP

exports[`Home renders home component correctly 1`] = `
ShallowWrapper {
  Symbol(enzyme.__root__): [Circular],
  Symbol(enzyme.__unrendered__): <Home />,
  Symbol(enzyme.__renderer__): Object {
    "batchedUpdates": [Function],
    "getNode": [Function],
    "render": [Function],
    "simulateError": [Function],
    "simulateEvent": [Function],
    "unmount": [Function],
  },
  Symbol(enzyme.__node__): Object {
    "instance": null,
    "key": undefined,
    "nodeType": "function",
    "props": Object {
      "children": Array [
        <Bio
          name="Leandro Vicente"
          tagline="Software Developer and Content Creator"
        />,
        <SocialMediaBox
          iconsAndLinks={
            Array [
              Object {
                "name": "linkedin",
                "url": "https://www.linkedin.com/in/leandrovicentesilva/",
              },
              Object {
                "glyphicon": "github",
                "name": "github",
                "url": "https://github.com/llevvi/",
              },
              Object {
                "name": "youtube",
                "url": "http://youtube.com/levvitalk",
              },
              Object {
                "name": "instagram",
                "url": "http://instagram.com/levvitalk",
              },
            ]
          }
        />,
      ],
    },
    "ref": null,
    "rendered": Array [
      Object {
        "instance": null,
        "key": undefined,
        "nodeType": "function",
        "props": Object {
          "name": "Leandro Vicente",
          "tagline": "Software Developer and Content Creator",
        },
        "ref": null,
        "rendered": null,
        "type": [Function],
      },
      Object {
        "instance": null,
        "key": undefined,
        "nodeType": "function",
        "props": Object {
          "iconsAndLinks": Array [
            Object {
              "name": "linkedin",
              "url": "https://www.linkedin.com/in/leandrovicentesilva/",
            },
            Object {
              "glyphicon": "github",
              "name": "github",
              "url": "https://github.com/llevvi/",
            },
            Object {
              "name": "youtube",
              "url": "http://youtube.com/levvitalk",
            },
            Object {
              "name": "instagram",
              "url": "http://instagram.com/levvitalk",
            },
          ],
        },
        "ref": null,
        "rendered": null,
        "type": [Function],
      },
    ],
    "type": Symbol(react.fragment),
  },
  Symbol(enzyme.__nodes__): Array [
    Object {
      "instance": null,
      "key": undefined,
      "nodeType": "function",
      "props": Object {
        "children": Array [
          <Bio
            name="Leandro Vicente"
            tagline="Software Developer and Content Creator"
          />,
          <SocialMediaBox
            iconsAndLinks={
              Array [
                Object {
                  "name": "linkedin",
                  "url": "https://www.linkedin.com/in/leandrovicentesilva/",
                },
                Object {
                  "glyphicon": "github",
                  "name": "github",
                  "url": "https://github.com/llevvi/",
                },
                Object {
                  "name": "youtube",
                  "url": "http://youtube.com/levvitalk",
                },
                Object {
                  "name": "instagram",
                  "url": "http://instagram.com/levvitalk",
                },
              ]
            }
          />,
        ],
      },
      "ref": null,
      "rendered": Array [
        Object {
          "instance": null,
          "key": undefined,
          "nodeType": "function",
          "props": Object {
            "name": "Leandro Vicente",
            "tagline": "Software Developer and Content Creator",
          },
          "ref": null,
          "rendered": null,
          "type": [Function],
        },
        Object {
          "instance": null,
          "key": undefined,
          "nodeType": "function",
          "props": Object {
            "iconsAndLinks": Array [
              Object {
                "name": "linkedin",
                "url": "https://www.linkedin.com/in/leandrovicentesilva/",
              },
              Object {
                "glyphicon": "github",
                "name": "github",
                "url": "https://github.com/llevvi/",
              },
              Object {
                "name": "youtube",
                "url": "http://youtube.com/levvitalk",
              },
              Object {
                "name": "instagram",
                "url": "http://instagram.com/levvitalk",
              },
            ],
          },
          "ref": null,
          "rendered": null,
          "type": [Function],
        },
      ],
      "type": Symbol(react.fragment),
    },
  ],
  Symbol(enzyme.__options__): Object {
    "adapter": ReactSixteenAdapter {
      "options": Object {
        "enableComponentDidUpdateOnSetState": true,
        "lifecycles": Object {
          "componentDidUpdate": Object {
            "onSetState": true,
          },
          "getDerivedStateFromProps": true,
          "getSnapshotBeforeUpdate": true,
          "setState": Object {
            "skipsComponentDidUpdateOnNullish": true,
          },
        },
      },
    },
  },
}
`;
